// Jest Snapshot v1, https://goo.gl/fbAQLP

exports[`Ticker Component matches a snapshot 1`] = `
<DocumentFragment>
  <figure>
    <figcaption>
      <p>
        exchange
      </p>
      <p>
        equities
      </p>
      <p>
        NYSE American (AMEX)
      </p>
      <p>
        XASE
      </p>
      <p>
        A
      </p>
      <p>
        AMX
      </p>
    </figcaption>
  </figure>
</DocumentFragment>
`;
